 
 
exec test_wcalc.sce;
shared archive loaded
 
 
disp('**** ic_microstrip_calc ****');
 
 **** ic_microstrip_calc ****   
 
w=150e-6;          // width
 
h=250e-6;          // substrate height
 
l=1000e-6;         // length
 
es=11.8;           // substrate permitivitty
 
sigmas=0.5;        // substrate conductivity
 
tox=1.5e-6;        // oxide thickness
 
eox=4;             // oxide permitivitty
 
tmet=0.8e-6;       // metal thickenss
 
rho=3.0e-8;        // metal resitivity
 
rough=0.0;         // metal surface roughness
 
f=2.4e9;           // frequency
 
[z0,keff,elen,loss,L,R,C,G] = ic_microstrip_calc(w,l,tox,eox,h,es,sigmas,tmet,rho,rough,f);
 
disp(sprintf('z0 = %8.4g + j %8.4g Ohms', real(z0), imag(z0) ));
 
 z0 =       56 + j    7.364 Ohms   
 
disp(sprintf('keff = %8.4g ',keff));
 
 keff =    7.279    
 
disp(sprintf('elen = %8.4g degrees',elen));
 
 elen =    7.776 degrees   
 
disp(sprintf('loss = %8.4g dB',loss));
 
 loss =        0 dB   
 
disp(sprintf('L  = %8.4g nH/mm', L*1e6));
 
 L  =   0.5149 nH/mm   
 
disp(sprintf('R  = %8.4g Ohm/mm', R*1e-3));
 
 R  =   0.2505 Ohm/mm   
 
disp(sprintf('C  = %8.4g fF/mm', C*1e12));
 
 C  =    154.6 fF/mm   
 
disp(sprintf('G  = %8.4g uMho/mm', G*1e3));
 
 G  =      705 uMho/mm   
 
 
